VerilogHDL/enumdefine.v
VerilogHDL/fp_adder.v
VerilogHDL/fp_multiply.v
VerilogHDL/fp_acc.v
VerilogHDL/fp_acc_1.v
VerilogHDL/fp_acc_2.v
VerilogHDL/fp_acc_3.v
VerilogHDL/fp_acc_4.v
VerilogHDL/fp_acc_5.v
VerilogHDL/fp_acc_6.v
VerilogHDL/fp_acc_7.v
VerilogHDL/fp_acc_8.v
VerilogHDL/fp_acc_9.v
VerilogHDL/fp_acc_10.v
VerilogHDL/fp_acc_11.v
VerilogHDL/fp_acc_12.v
VerilogHDL/fp_acc_13.v
VerilogHDL/fp_acc_14.v
VerilogHDL/fp_acc_15.v
VerilogHDL/fp_acc_16.v
VerilogHDL/fp_acc_17.v
VerilogHDL/fp_acc_18.v
VerilogHDL/fp_acc_19.v
VerilogHDL/fp_acc_20.v
VerilogHDL/fp_acc_21.v
VerilogHDL/fp_acc_22.v
VerilogHDL/fp_acc_23.v
VerilogHDL/fp_acc_24.v
VerilogHDL/fp_acc_25.v
VerilogHDL/fp_acc_26.v
VerilogHDL/fp_acc_27.v
VerilogHDL/fp_acc_28.v
VerilogHDL/fp_acc_29.v
VerilogHDL/fp_acc_30.v
VerilogHDL/fp_acc_31.v
VerilogHDL/fp_acc_32.v
VerilogHDL/fp_acc_33.v
VerilogHDL/fp_acc_34.v
VerilogHDL/fp_acc_35.v
VerilogHDL/fp_acc_36.v
VerilogHDL/fp_acc_37.v
VerilogHDL/fp_acc_38.v
VerilogHDL/fp_acc_39.v
VerilogHDL/fp_acc_40.v
VerilogHDL/fp_acc_41.v
VerilogHDL/fp_acc_42.v
VerilogHDL/fp_acc_43.v
VerilogHDL/fp_acc_44.v
VerilogHDL/fp_acc_45.v
VerilogHDL/fp_acc_46.v
VerilogHDL/fp_acc_47.v
VerilogHDL/fp_acc_48.v
VerilogHDL/fp_acc_49.v
VerilogHDL/fp_acc_50.v
VerilogHDL/fp_acc_51.v
VerilogHDL/fp_acc_52.v
VerilogHDL/fp_acc_53.v
VerilogHDL/fp_acc_54.v
VerilogHDL/fp_acc_55.v
VerilogHDL/fp_acc_56.v
VerilogHDL/fp_acc_57.v
VerilogHDL/fp_acc_58.v
VerilogHDL/fp_acc_59.v
VerilogHDL/fp_acc_60.v
VerilogHDL/fp_acc_61.v
VerilogHDL/fp_acc_62.v
VerilogHDL/fp_acc_63.v
VerilogHDL/mac_acc_unit.v
VerilogHDL/mac_acc_unit_1.v
VerilogHDL/mac_acc_unit_2.v
VerilogHDL/mac_acc_unit_3.v
VerilogHDL/mac_acc_unit_4.v
VerilogHDL/mac_acc_unit_5.v
VerilogHDL/mac_acc_unit_6.v
VerilogHDL/mac_acc_unit_7.v
VerilogHDL/mac_acc_unit_8.v
VerilogHDL/mac_acc_unit_9.v
VerilogHDL/mac_acc_unit_10.v
VerilogHDL/mac_acc_unit_11.v
VerilogHDL/mac_acc_unit_12.v
VerilogHDL/mac_acc_unit_13.v
VerilogHDL/mac_acc_unit_14.v
VerilogHDL/mac_acc_unit_15.v
VerilogHDL/mac_acc_unit_16.v
VerilogHDL/mac_acc_unit_17.v
VerilogHDL/mac_acc_unit_18.v
VerilogHDL/mac_acc_unit_19.v
VerilogHDL/mac_acc_unit_20.v
VerilogHDL/mac_acc_unit_21.v
VerilogHDL/mac_acc_unit_22.v
VerilogHDL/mac_acc_unit_23.v
VerilogHDL/mac_acc_unit_24.v
VerilogHDL/mac_acc_unit_25.v
VerilogHDL/mac_acc_unit_26.v
VerilogHDL/mac_acc_unit_27.v
VerilogHDL/mac_acc_unit_28.v
VerilogHDL/mac_acc_unit_29.v
VerilogHDL/mac_acc_unit_30.v
VerilogHDL/mac_acc_unit_31.v
VerilogHDL/mac_acc_unit_32.v
VerilogHDL/mac_acc_unit_33.v
VerilogHDL/mac_acc_unit_34.v
VerilogHDL/mac_acc_unit_35.v
VerilogHDL/mac_acc_unit_36.v
VerilogHDL/mac_acc_unit_37.v
VerilogHDL/mac_acc_unit_38.v
VerilogHDL/mac_acc_unit_39.v
VerilogHDL/mac_acc_unit_40.v
VerilogHDL/mac_acc_unit_41.v
VerilogHDL/mac_acc_unit_42.v
VerilogHDL/mac_acc_unit_43.v
VerilogHDL/mac_acc_unit_44.v
VerilogHDL/mac_acc_unit_45.v
VerilogHDL/mac_acc_unit_46.v
VerilogHDL/mac_acc_unit_47.v
VerilogHDL/mac_acc_unit_48.v
VerilogHDL/mac_acc_unit_49.v
VerilogHDL/mac_acc_unit_50.v
VerilogHDL/mac_acc_unit_51.v
VerilogHDL/mac_acc_unit_52.v
VerilogHDL/mac_acc_unit_53.v
VerilogHDL/mac_acc_unit_54.v
VerilogHDL/mac_acc_unit_55.v
VerilogHDL/mac_acc_unit_56.v
VerilogHDL/mac_acc_unit_57.v
VerilogHDL/mac_acc_unit_58.v
VerilogHDL/mac_acc_unit_59.v
VerilogHDL/mac_acc_unit_60.v
VerilogHDL/mac_acc_unit_61.v
VerilogHDL/mac_acc_unit_62.v
VerilogHDL/mac_acc_unit_63.v
VerilogHDL/mac_acc_atom.v
VerilogHDL/mac_acc_atom_1.v
VerilogHDL/mac_acc_atom_2.v
VerilogHDL/mac_acc_atom_3.v
VerilogHDL/mac_acc_atom_4.v
VerilogHDL/mac_acc_atom_5.v
VerilogHDL/mac_acc_atom_6.v
VerilogHDL/mac_acc_atom_7.v
VerilogHDL/mac_acc_array.v
