#-----------------------------------------------------------
# Vivado v2018.3 (64-bit)
# SW Build 2405991 on Thu Dec  6 23:38:27 MST 2018
# IP Build 2404404 on Fri Dec  7 01:43:56 MST 2018
# Start of session at: Sun Oct 17 17:48:54 2021
# Process ID: 14436
# Current directory: D:/VM_share/NVDLA_BP/spinal_prj/vivado/nvdla_bp
# Command line: vivado.exe -gui_launcher_event rodinguilauncherevent7200 D:\VM_share\NVDLA_BP\spinal_prj\vivado\nvdla_bp\nvdla_bp.xpr
# Log file: D:/VM_share/NVDLA_BP/spinal_prj/vivado/nvdla_bp/vivado.log
# Journal file: D:/VM_share/NVDLA_BP/spinal_prj/vivado/nvdla_bp\vivado.jou
#-----------------------------------------------------------
start_gui
open_project D:/VM_share/NVDLA_BP/spinal_prj/vivado/nvdla_bp/nvdla_bp.xpr
update_compile_order -fileset sources_1
add_files -norecurse D:/VM_share/NVDLA_BP/spinal_prj/SpinalTemplateSbt-master/VerilogHDL/conv_top.v
update_compile_order -fileset sources_1
# Disabling source management mode.  This is to allow the top design properties to be set without GUI intervention.
set_property source_mgmt_mode None [current_project]
set_property top conv_top [current_fileset]
# Re-enabling previously disabled source management mode.
set_property source_mgmt_mode All [current_project]
update_compile_order -fileset sources_1
launch_runs synth_1 -jobs 8
wait_on_run synth_1
